
> angular@0.0.0 start
> ng serve --host 0.0.0.0  --no-hmr --disable-host-check --port 3000

Warning: Running a server with --disable-host-check is a security risk. See https://medium.com/webpack/webpack-dev-server-middleware-security-issues-1489d950874a for more information.
The "disableHostCheck" option will not be used because it is not supported by the "@angular-devkit/build-angular:application" builder.
❯ Building...
✔ Building...
Browser bundles     
Initial chunk files  | Names                         |  Raw size
polyfills.js         | polyfills                     |  90.20 kB | 
main.js              | main                          |   6.18 kB | 
styles.css           | styles                        | 999 bytes | 
chunk-YQOESBWP.js    | -                             | 754 bytes | 

                     | Initial total                 |  98.14 kB

Lazy chunk files     | Names                         |  Raw size
chunk-SWEB54J4.js    | trip-planner-component        |  15.41 kB | 
chunk-7LYH43VA.js    | sign-in-component             |   8.49 kB | 
chunk-POYKGBKK.js    | ai-trip-suggestions-component |   8.47 kB | 
chunk-V3LHQNPP.js    | home-component                |   3.45 kB | 


Server bundles      
Initial chunk files  | Names                         |  Raw size
polyfills.server.mjs | polyfills.server              | 572.91 kB | 
chunk-CM47SQPH.mjs   | -                             |   6.62 kB | 
server.mjs           | server                        |   1.42 kB | 
main.server.mjs      | main.server                   | 831 bytes | 
chunk-FFILDKJJ.mjs   | -                             | 788 bytes | 

Lazy chunk files     | Names                         |  Raw size
chunk-Z67ZRRYA.mjs   | trip-planner-component        |  15.45 kB | 
chunk-QACMJG6E.mjs   | sign-in-component             |   8.53 kB | 
chunk-3KMKBP66.mjs   | ai-trip-suggestions-component |   8.51 kB | 
chunk-OYXYVCSG.mjs   | home-component                |   3.48 kB | 

Application bundle generation complete. [2.735 seconds]

Watch mode enabled. Watching for file changes...
NOTE: Raw file sizes do not reflect development server per-request transformations.
  ➜  Local:   http://localhost:3000/
  ➜  Network: http://172.17.0.2:3000/
❯ Changes detected. Rebuilding...
✔ Changes detected. Rebuilding...
Browser bundles    
Initial chunk files | Names                  |  Raw size
main.js             | main                   |   6.18 kB | 

Lazy chunk files    | Names                  |  Raw size
chunk-D7FCX7JW.js   | trip-planner-component |  15.38 kB | 


Server bundles     
Initial chunk files | Names                  |  Raw size
chunk-5JFA6KWD.mjs  | -                      |   6.62 kB | 
server.mjs          | server                 |   1.42 kB | 
main.server.mjs     | main.server            | 831 bytes | 

Lazy chunk files    | Names                  |  Raw size
chunk-CWUYJLSP.mjs  | trip-planner-component |  15.41 kB | 

Application bundle generation complete. [0.688 seconds]

Page reload sent to client(s).
❯ Changes detected. Rebuilding...
✔ Changes detected. Rebuilding...
Browser bundles    
Initial chunk files | Names                  |  Raw size
main.js             | main                   |   6.18 kB | 

Lazy chunk files    | Names                  |  Raw size
chunk-I2BOMMTG.js   | trip-planner-component |  15.38 kB | 


Server bundles     
Initial chunk files | Names                  |  Raw size
chunk-VJ5746RC.mjs  | -                      |   6.62 kB | 
server.mjs          | server                 |   1.42 kB | 
main.server.mjs     | main.server            | 831 bytes | 

Lazy chunk files    | Names                  |  Raw size
chunk-GHVPTAIK.mjs  | trip-planner-component |  15.41 kB | 

Application bundle generation complete. [0.310 seconds]

Page reload sent to client(s).
❯ Changes detected. Rebuilding...
✔ Changes detected. Rebuilding...
Browser bundles    
Initial chunk files | Names                  |  Raw size
main.js             | main                   |   6.18 kB | 

Lazy chunk files    | Names                  |  Raw size
chunk-XDFCKTFF.js   | trip-planner-component |  15.38 kB | 


Server bundles     
Initial chunk files | Names                  |  Raw size
chunk-PQFPLC3U.mjs  | -                      |   6.62 kB | 
server.mjs          | server                 |   1.42 kB | 
main.server.mjs     | main.server            | 831 bytes | 

Lazy chunk files    | Names                  |  Raw size
chunk-6VQFQEYU.mjs  | trip-planner-component |  15.41 kB | 

Application bundle generation complete. [0.251 seconds]

Page reload sent to client(s).
❯ Changes detected. Rebuilding...
✔ Changes detected. Rebuilding...
Browser bundles    
Initial chunk files | Names                  |  Raw size
main.js             | main                   |   6.18 kB | 

Lazy chunk files    | Names                  |  Raw size
chunk-A6GS2IZX.js   | trip-planner-component |  15.37 kB | 


Server bundles     
Initial chunk files | Names                  |  Raw size
chunk-UZ67BQLG.mjs  | -                      |   6.62 kB | 
server.mjs          | server                 |   1.42 kB | 
main.server.mjs     | main.server            | 831 bytes | 

Lazy chunk files    | Names                  |  Raw size
chunk-AGOAD55N.mjs  | trip-planner-component |  15.41 kB | 

Application bundle generation complete. [0.264 seconds]

Page reload sent to client(s).
❯ Changes detected. Rebuilding...
✔ Changes detected. Rebuilding...
Browser bundles    
Initial chunk files | Names                         |  Raw size
main.js             | main                          |   6.18 kB | 

Lazy chunk files    | Names                         |  Raw size
chunk-LFDLGN7E.js   | ai-trip-suggestions-component |   8.51 kB | 


Server bundles     
Initial chunk files | Names                         |  Raw size
chunk-NXU52HWE.mjs  | -                             |   6.62 kB | 
server.mjs          | server                        |   1.42 kB | 
main.server.mjs     | main.server                   | 831 bytes | 

Lazy chunk files    | Names                         |  Raw size
chunk-2S5Y6FLP.mjs  | ai-trip-suggestions-component |   8.54 kB | 

Application bundle generation complete. [0.474 seconds]

Page reload sent to client(s).
